// Jest Snapshot v1, https://goo.gl/fbAQLP

exports[`A test for film component 1`] = `
Array [
  " ",
  <nav
    className="navbar navbar-expand-lg navbar-light bg-dark"
  >
    <div
      className="container"
    >
      <svg
        aria-hidden={true}
        className="MuiSvgIcon-root MuiSvgIcon-colorAction MuiSvgIcon-fontSizeLarge arrow css-p4wudk-MuiSvgIcon-root"
        data-testid="ArrowBackIcon"
        focusable="false"
        onClick={[Function]}
        viewBox="0 0 24 24"
      >
        <path
          d="M20 11H7.83l5.59-5.59L12 4l-8 8 8 8 1.41-1.41L7.83 13H20v-2z"
        />
      </svg>
    </div>
  </nav>,
  <section
    className="detail"
  >
    <div
      className="innerdetail"
    >
      ;
    </div>
  </section>,
]
`;
